<html>
<body>
<pre>
<h1>µVision Build Log</h1>
<h2>Project:</h2>
F:\Users\Spacelan\Desktop\four-axis\MyWorkSpace\MyBoard\USER\MyBoard.uvproj
Project File Date:  02/28/2014

<h2>Output:</h2>
Rebuild target 'MyBoard'
compiling main.c...
compiling stm32f10x_it.c...
compiling system_stm32f10x.c...
compiling led.c...
compiling inv_mpu.c...
..\HARDWARE\eMPL\inv_mpu.c(115): warning:  #177-D: function "reg_int_cb" was declared but never referenced
..\HARDWARE\eMPL\inv_mpu.c(2385): warning:  #177-D: function "setup_compass" was declared but never referenced
compiling inv_mpu_dmp_motion_driver.c...
compiling sys.c...
compiling usart.c...
compiling time.c...
compiling i2c.c...
compiling core_cm3.c...
assembling startup_stm32f10x_md.s...
compiling stm32f10x_gpio.c...
compiling stm32f10x_rcc.c...
compiling stm32f10x_usart.c...
compiling misc.c...
linking...
Program Size: Code=15612 RO-data=352 RW-data=108 ZI-data=2148  
FromELF: creating hex file...
"..\OUTPUTANDLISTING\MyBoard.axf" - 0 Errors, 2 Warning(s).
