<html>
<body>
<pre>
<h1>µVision Build Log</h1>
<h2>Project:</h2>
F:\Users\Spacelan\Desktop\four-axis\MyWorkSpace\MyBoard\USER\MyBoard.uvproj
Project File Date:  06/18/2014

<h2>Output:</h2>
Build target 'MyBoard'
compiling storage.c...
compiling flash.c...
linking...
Program Size: Code=7824 RO-data=276 RW-data=68 ZI-data=2196  
FromELF: creating hex file...
"..\OUTPUTANDLISTING\MyBoard.axf" - 0 Errors, 0 Warning(s).
Build target 'MyBoard'
compiling main.c...
main.c(23): warning:  #177-D: variable "data" was declared but never referenced
compiling storage.c...
compiling flash.c...
linking...
Program Size: Code=7824 RO-data=276 RW-data=68 ZI-data=2196  
FromELF: creating hex file...
"..\OUTPUTANDLISTING\MyBoard.axf" - 0 Errors, 1 Warning(s).
Build target 'MyBoard'
compiling main.c...
main.c(23): warning:  #177-D: variable "data" was declared but never referenced
compiling storage.c...
linking...
Program Size: Code=7824 RO-data=276 RW-data=68 ZI-data=2196  
FromELF: creating hex file...
"..\OUTPUTANDLISTING\MyBoard.axf" - 0 Errors, 1 Warning(s).
Build target 'MyBoard'
compiling flash.c...
linking...
Program Size: Code=7824 RO-data=276 RW-data=68 ZI-data=2196  
FromELF: creating hex file...
"..\OUTPUTANDLISTING\MyBoard.axf" - 0 Errors, 0 Warning(s).
Build target 'MyBoard'
linking...
Program Size: Code=7824 RO-data=276 RW-data=68 ZI-data=2196  
FromELF: creating hex file...
"..\OUTPUTANDLISTING\MyBoard.axf" - 0 Errors, 0 Warning(s).
Build target 'MyBoard'
compiling flash.c...
linking...
Program Size: Code=7824 RO-data=276 RW-data=68 ZI-data=2196  
FromELF: creating hex file...
"..\OUTPUTANDLISTING\MyBoard.axf" - 0 Errors, 0 Warning(s).
Rebuild target 'MyBoard'
compiling main.c...
main.c(23): warning:  #177-D: variable "data" was declared but never referenced
compiling stm32f10x_it.c...
compiling system_stm32f10x.c...
compiling storage.c...
compiling led.c...
compiling inv_mpu.c...
..\HARDWARE\eMPL\inv_mpu.c(115): warning:  #177-D: function "reg_int_cb" was declared but never referenced
..\HARDWARE\eMPL\inv_mpu.c(2385): warning:  #177-D: function "setup_compass" was declared but never referenced
compiling inv_mpu_dmp_motion_driver.c...
compiling sys.c...
compiling usart.c...
compiling time.c...
compiling i2c.c...
compiling flash.c...
compiling core_cm3.c...
assembling startup_stm32f10x_md.s...
compiling stm32f10x_gpio.c...
compiling stm32f10x_rcc.c...
compiling stm32f10x_usart.c...
compiling misc.c...
compiling stm32f10x_flash.c...
linking...
Program Size: Code=7824 RO-data=276 RW-data=68 ZI-data=2196  
FromELF: creating hex file...
"..\OUTPUTANDLISTING\MyBoard.axf" - 0 Errors, 3 Warning(s).
